// Jest Snapshot v1, https://goo.gl/fbAQLP

exports[`<ButtonPanel /> has a valid snapshot 1`] = `
<div
  className="btn-frame"
  onKeyDown={[MockFunction]}
>
  <div
    className="top-row"
  >
    <button
      autoFocus={true}
      className="button func"
      onClick={[Function]}
    >
      ce
    </button>
    <button
      className="button func"
      onClick={[Function]}
    >
      c
    </button>
    <button
      className="button mod"
      onClick={[Function]}
    >
      +/-
    </button>
  </div>
  <div
    className="button-row"
  >
    <button
      className="button number"
      onClick={[Function]}
    >
      7
    </button>
    <button
      className="button number"
      onClick={[Function]}
    >
      8
    </button>
    <button
      className="button number"
      onClick={[Function]}
    >
      9
    </button>
    <button
      className="button op"
      onClick={[Function]}
    >
      /
    </button>
  </div>
  <div
    className="button-row"
  >
    <button
      className="button number"
      onClick={[Function]}
    >
      4
    </button>
    <button
      className="button number"
      onClick={[Function]}
    >
      5
    </button>
    <button
      className="button number"
      onClick={[Function]}
    >
      6
    </button>
    <button
      className="button op"
      onClick={[Function]}
    >
      x
    </button>
  </div>
  <div
    className="button-row"
  >
    <button
      className="button number"
      onClick={[Function]}
    >
      1
    </button>
    <button
      className="button number"
      onClick={[Function]}
    >
      2
    </button>
    <button
      className="button number"
      onClick={[Function]}
    >
      3
    </button>
    <button
      className="button op"
      onClick={[Function]}
    >
      -
    </button>
  </div>
  <div
    className="button-row"
  >
    <button
      className="button number"
      onClick={[Function]}
    >
      0
    </button>
    <button
      className="button mod"
      onClick={[Function]}
    >
      .
    </button>
    <button
      className="button func"
      id="calc"
      onClick={[MockFunction]}
    >
      =
    </button>
    <button
      className="button op"
      onClick={[Function]}
    >
      +
    </button>
  </div>
</div>
`;
